// Jest Snapshot v1, https://goo.gl/fbAQLP

exports[`Pruebas componente <GifExpertApp/>  debe mostrar una lista de categorias 1`] = `
<div>
  <h2>
    GifExpertApp
  </h2>
  <AddCategory
    setCategories={[Function]}
  />
  <hr />
  <ol />
</div>
`;

exports[`Pruebas componente <GifExpertApp/>  debe mostrarse correctamente 1`] = `
<div>
  <h2>
    GifExpertApp
  </h2>
  <AddCategory
    setCategories={[Function]}
  />
  <hr />
  <ol />
</div>
`;
